============================= test session starts =============================
platform win32 -- Python 3.13.7, pytest-8.4.2, pluggy-1.6.0
rootdir: C:\Users\julia\avesnova\boost-and-broadside
configfile: pytest.ini
plugins: hydra-core-1.3.2
collected 1 item

tests\pipelines\test_train.py .                                          [100%]

============================== warnings summary ===============================
.venv\Lib\site-packages\pygame\pkgdata.py:25
  C:\Users\julia\avesnova\boost-and-broadside\.venv\Lib\site-packages\pygame\pkgdata.py:25: UserWarning: pkg_resources is deprecated as an API. See https://setuptools.pypa.io/en/latest/pkg_resources.html. The pkg_resources package is slated for removal as early as 2025-11-30. Refrain from using this package or pin to Setuptools<81.
    from pkg_resources import resource_stream, resource_exists

-- Docs: https://docs.pytest.org/en/stable/how-to/capture-warnings.html
======================== 1 passed, 1 warning in 42.65s ========================
